qemu-system-i386 -serial mon:stdio -drive file=fs.img,index=1,media=disk,format=raw -drive file=xv6.img,index=0,media=disk,format=raw -smp 2 -m 512 
xv6...
cpu0: starting 0
sb: size 10000 nblocks 9939 ninodes 200 nlog 30 logstart 2 inodestart 32 bmap start 58
init: starting sh
$ testesloc     lock3
TEST #0
process 0 is created
process 1 is created
process 2 is created
process 3 is created
process 4 is created
process 5 is created
process 6 is created
process 7 is created
process 8 is created
process 9 is created
0 have acquired lock
1 have acquired lock
2 have acquired lock
3 have acquired lock
4 have acquired lock
5 have acquired lock
6 have acquired lock
7 have acquired lock
8 have acquired lock
9 have acquired lock
TEST #1
process 0 is created
process 1 is created
process 2 is created
process 3 is created
process 4 is created
process 5 is created
process 6 is created
process 7 is created
process 8 is created
process 9 is created
0 have acquired lock
1 have acquired lock
2 have acquired lock
3 have acquired lock
4 have acquired lock
5 have acquired lock
6 have acquired lock
7 have acquired lock
8 have acquired lock
9 have acquired lock
TEST #2
process 0 is created
process 1 is created
process 2 is created
process 3 is created
process 4 is created
process 5 is created
process 6 is created
process 7 is created
process 8 is created
process 9 is created
0 have acquired lock
1 have acquired lock
2 have acquired lock
3 have acquired lock
4 have acquired lock
5 have acquired lock
6 have acquired lock
7 have acquired lock
8 have acquired lock
9 have acquired lock
TEST #3
process 0 is created
process 1 is created
process 2 is created
process 3 is created
process 4 is created
process 5 is created
process 6 is created
process 7 is created
process 8 is created
process 9 is created
0 have acquired lock
1 have acquired lock
2 have acquired lock
3 have acquired lock
4 have acquired lock
5 have acquired lock
6 have acquired lock
7 have acquired lock
8 have acquired lock
9 have acquired lock
TEST #4
process 0 is created
process 1 is created
process 2 is created
process 3 is created
process 4 is created
process 5 is created
process 6 is created
process 7 is created
process 8 is created
process 9 is created
0 have acquired lock
1 have acquired lock
2 have acquired lock
3 have acquired lock
4 have acquired lock
5 have acquired lock
6 have acquired lock
7 have acquired lock
8 have acquired lock
9 have acquired lock
TEST #5
process 0 is created
process 1 is created
process 2 is created
process 3 is created
process 4 is created
process 5 is created
process 6 is created
process 7 is created
process 8 is created
process 9 is created
0 have acquired lock
1 have acquired lock
2 have acquired lock
3 have acquired lock
4 have acquired lock
5 have acquired lock
6 have acquired lock
7 have acquired lock
8 have acquired lock
9 have acquired lock
TEST #6
process 0 is created
process 1 is created
process 2 is created
process 3 is created
process 4 is created
process 5 is created
process 6 is created
process 7 is created
process 8 is created
process 9 is created
0 have acquired lock
1 have acquired lock
2 have acquired lock
3 have acquired lock
4 have acquired lock
5 have acquired lock
6 have acquired lock
7 have acquired lock
8 have acquired lock
9 have acquired lock
TEST #7
process 0 is created
process 1 is created
process 2 is created
process 3 is created
process 4 is created
process 5 is created
process 6 is created
process 7 is created
process 8 is created
process 9 is created
0 have acquired lock
1 have acquired lock
2 have acquired lock
3 have acquired lock
4 have acquired lock
5 have acquired lock
6 have acquired lock
7 have acquired lock
8 have acquired lock
9 have acquired lock
TEST #8
process 0 is created
process 1 is created
process 2 is created
process 3 is created
process 4 is created
process 5 is created
process 6 is created
process 7 is created
process 8 is created
process 9 is created
0 have acquired lock
1 have acquired lock
2 have acquired lock
3 have acquired lock
4 have acquired lock
5 have acquired lock
6 have acquired lock
7 have acquired lock
8 have acquired lock
9 have acquired lock
TEST #9
process 0 is created
process 1 is created
process 2 is created
process 3 is created
process 4 is created
process 5 is created
process 6 is created
process 7 is created
process 8 is created
process 9 is created
0 have acquired lock
1 have acquired lock
2 have acquired lock
3 have acquired lock
4 have acquired lock
5 have acquired lock
6 have acquired lock
7 have acquired lock
8 have acquired lock
9 have acquired lock
TEST #10
process 0 is created
process 1 is created
process 2 is created
process 3 is created
process 4 is created
process 5 is created
process 6 is created
process 7 is created
process 8 is created
process 9 is created
0 have acquired lock
1 have acquired lock
2 have acquired lock
3 have acquired lock
4 have acquired lock
5 have acquired lock
6 have acquired lock
7 have acquired lock
8 have acquired lock
9 have acquired lock
TEST #11
process 0 is created
process 1 is created
process 2 is created
process 3 is created
process 4 is created
process 5 is created
process 6 is created
process 7 is created
process 8 is created
process 9 is created
0 have acquired lock
1 have acquired lock
2 have acquired lock
3 have acquired lock
4 have acquired lock
5 have acquired lock
6 have acquired lock
7 have acquired lock
8 have acquired lock
9 have acquired lock
TEST #12
process 0 is created
process 1 is created
process 2 is created
process 3 is created
process 4 is created
process 5 is created
process 6 is created
process 7 is created
process 8 is created
process 9 is created
0 have acquired lock
1 have acquired lock
2 have acquired lock
3 have acquired lock
4 have acquired lock
5 have acquired lock
6 have acquired lock
7 have acquired lock
8 have acquired lock
9 have acquired lock
TEST #13
process 0 is created
process 1 is created
process 2 is created
process 3 is created
process 4 is created
process 5 is created
process 6 is created
process 7 is created
process 8 is created
process 9 is created
0 have acquired lock
1 have acquired lock
2 have acquired lock
3 have acquired lock
4 have acquired lock
5 have acquired lock
6 have acquired lock
7 have acquired lock
8 have acquired lock
9 have acquired lock
TEST #14
process 0 is created
process 1 is created
process 2 is created
process 3 is created
process 4 is created
process 5 is created
process 6 is created
process 7 is created
process 8 is created
process 9 is created
0 have acquired lock
1 have acquired lock
2 have acquired lock
3 have acquired lock
4 have acquired lock
5 have acquired lock
6 have acquired lock
7 have acquired lock
8 have acquired lock
9 have acquired lock
TEST #15
process 0 is created
process 1 is created
process 2 is created
process 3 is created
process 4 is created
process 5 is created
process 6 is created
process 7 is created
process 8 is created
process 9 is created
0 have acquired lock
1 have acquired lock
2 have acquired lock
3 have acquired lock
4 have acquired lock
5 have acquired lock
6 have acquired lock
7 have acquired lock
8 have acquired lock
9 have acquired lock
TEST #16
process 0 is created
process 1 is created
process 2 is created
process 3 is created
process 4 is created
process 5 is created
process 6 is created
process 7 is created
process 8 is created
process 9 is created
0 have acquired lock
1 have acquired lock
2 have acquired lock
3 have acquired lock
4 have acquired lock
5 have acquired lock
6 have acquired lock
7 have acquired lock
8 have acquired lock
9 have acquired lock
TEST #17
process 0 is created
process 1 is created
process 2 is created
process 3 is created
process 4 is created
process 5 is created
process 6 is created
process 7 is created
process 8 is created
process 9 is created
0 have acquired lock
1 have acquired lock
2 have acquired lock
3 have acquired lock
4 have acquired lock
5 have acquired lock
6 have acquired lock
7 have acquired lock
8 have acquired lock
9 have acquired lock
TEST #18
process 0 is created
process 1 is created
process 2 is created
process 3 is created
process 4 is created
process 5 is created
process 6 is created
process 7 is created
process 8 is created
process 9 is created
0 have acquired lock
1 have acquired lock
2 have acquired lock
3 have acquired lock
4 have acquired lock
5 have acquired lock
6 have acquired lock
7 have acquired lock
8 have acquired lock
9 have acquired lock
TEST #19
process 0 is created
process 1 is created
process 2 is created
process 3 is created
process 4 is created
process 5 is created
process 6 is created
process 7 is created
process 8 is created
process 9 is created
0 have acquired lock
1 have acquired lock
2 have acquired lock
3 have acquired lock
4 have acquired lock
5 have acquired lock
6 have acquired lock
7 have acquired lock
8 have acquired lock
9 have acquired lock
TEST #20
process 0 is created
process 1 is created
process 2 is created
process 3 is created
process 4 is created
process 5 is created
process 6 is created
process 7 is created
process 8 is created
process 9 is created
0 have acquired lock
1 have acquired lock
2 have acquired lock
3 have acquired lock
4 have acquired lock
5 have acquired lock
6 have acquired lock
7 have acquired lock
8 have acquired lock
9 have acquired lock
TEST #21
process 0 is created
process 1 is created
process 2 is created
process 3 is created
process 4 is created
process 5 is created
process 6 is created
process 7 is created
process 8 is created
process 9 is created
0 have acquired lock
1 have acquired lock
2 have acquired lock
3 have acquired lock
4 have acquired lock
5 have acquired lock
6 have acquired lock
7 have acquired lock
8 have acquired lock
9 have acquired lock
TEST #22
process 0 is created
process 1 is created
process 2 is created
process 3 is created
process 4 is created
process 5 is created
process 6 is created
process 7 is created
process 8 is created
process 9 is created
0 have acquired lock
1 have acquired lock
2 have acquired lock
3 have acquired lock
4 have acquired lock
5 have acquired lock
6 have acquired lock
7 have acquired lock
8 have acquired lock
9 have acquired lock
TEST #23
process 0 is created
process 1 is created
process 2 is created
process 3 is created
process 4 is created
process 5 is created
process 6 is created
process 7 is created
process 8 is created
process 9 is created
0 have acquired lock
1 have acquired lock
2 have acquired lock
3 have acquired lock
4 have acquired lock
5 have acquired lock
6 have acquired lock
7 have acquired lock
8 have acquired lock
9 have acquired lock
TEST #24
process 0 is created
process 1 is created
process 2 is created
process 3 is created
process 4 is created
process 5 is created
process 6 is created
process 7 is created
process 8 is created
process 9 is created
0 have acquired lock
1 have acquired lock
2 have acquired lock
3 have acquired lock
4 have acquired lock
5 have acquired lock
6 have acquired lock
7 have acquired lock
8 have acquired lock
9 have acquired lock
TEST #25
process 0 is created
process 1 is created
process 2 is created
process 3 is created
process 4 is created
process 5 is created
process 6 is created
process 7 is created
process 8 is created
process 9 is created
0 have acquired lock
1 have acquired lock
2 have acquired lock
3 have acquired lock
4 have acquired lock
5 have acquired lock
6 have acquired lock
7 have acquired lock
8 have acquired lock
9 have acquired lock
TEST #26
process 0 is created
process 1 is created
process 2 is created
process 3 is created
process 4 is created
process 5 is created
process 6 is created
process 7 is created
process 8 is created
process 9 is created
0 have acquired lock
1 have acquired lock
2 have acquired lock
3 have acquired lock
4 have acquired lock
5 have acquired lock
6 have acquired lock
7 have acquired lock
8 have acquired lock
9 have acquired lock
TEST #27
process 0 is created
process 1 is created
process 2 is created
process 3 is created
process 4 is created
process 5 is created
process 6 is created
process 7 is created
process 8 is created
process 9 is created
0 have acquired lock
1 have acquired lock
2 have acquired lock
3 have acquired lock
4 have acquired lock
5 have acquired lock
6 have acquired lock
7 have acquired lock
8 have acquired lock
9 have acquired lock
TEST #28
process 0 is created
process 1 is created
process 2 is created
process 3 is created
process 4 is created
process 5 is created
process 6 is created
process 7 is created
process 8 is created
process 9 is created
0 have acquired lock
1 have acquired lock
2 have acquired lock
3 have acquired lock
4 have acquired lock
5 have acquired lock
6 have acquired lock
7 have acquired lock
8 have acquired lock
9 have acquired lock
TEST #29
process 0 is created
process 1 is created
process 2 is created
process 3 is created
process 4 is created
process 5 is created
process 6 is created
process 7 is created
process 8 is created
process 9 is created
0 have acquired lock
1 have acquired lock
2 have acquired lock
3 have acquired lock
4 have acquired lock
5 have acquired lock
6 have acquired lock
7 have acquired lock
8 have acquired lock
9 have acquired lock
TEST #30
process 0 is created
process 1 is created
process 2 is created
process 3 is created
process 4 is created
process 5 is created
process 6 is created
process 7 is created
process 8 is created
process 9 is created
0 have acquired lock
1 have acquired lock
2 have acquired lock
3 have acquired lock
4 have acquired lock
5 have acquired lock
6 have acquired lock
7 have acquired lock
8 have acquired lock
9 have acquired lock
TEST #31
process 0 is created
process 1 is created
process 2 is created
process 3 is created
process 4 is created
process 5 is created
process 6 is created
process 7 is created
process 8 is created
process 9 is created
0 have acquired lock
1 have acquired lock
2 have acquired lock
3 have acquired lock
4 have acquired lock
5 have acquired lock
6 have acquired lock
7 have acquired lock
8 have acquired lock
9 have acquired lock
TEST #32
process 0 is created
process 1 is created
process 2 is created
process 3 is created
process 4 is created
process 5 is created
process 6 is created
process 7 is created
process 8 is created
process 9 is created
0 have acquired lock
1 have acquired lock
2 have acquired lock
3 have acquired lock
4 have acquired lock
5 have acquired lock
6 have acquired lock
7 have acquired lock
8 have acquired lock
9 have acquired lock
TEST #33
process 0 is created
process 1 is created
process 2 is created
process 3 is created
process 4 is created
process 5 is created
process 6 is created
process 7 is created
process 8 is created
process 9 is created
0 have acquired lock
1 have acquired lock
2 have acquired lock
3 have acquired lock
4 have acquired lock
5 have acquired lock
6 have acquired lock
7 have acquired lock
8 have acquired lock
9 have acquired lock
TEST #34
process 0 is created
process 1 is created
process 2 is created
process 3 is created
process 4 is created
process 5 is created
process 6 is created
process 7 is created
process 8 is created
process 9 is created
0 have acquired lock
1 have acquired lock
2 have acquired lock
3 have acquired lock
4 have acquired lock
5 have acquired lock
6 have acquired lock
7 have acquired lock
8 have acquired lock
9 have acquired lock
TEST #35
process 0 is created
process 1 is created
process 2 is created
process 3 is created
process 4 is created
process 5 is created
process 6 is created
process 7 is created
process 8 is created
process 9 is created
0 have acquired lock
1 have acquired lock
2 have acquired lock
3 have acquired lock
4 have acquired lock
5 have acquired lock
6 have acquired lock
7 have acquired lock
8 have acquired lock
9 have acquired lock
TEST #36
process 0 is created
process 1 is created
process 2 is created
process 3 is created
process 4 is created
process 5 is created
process 6 is created
process 7 is created
process 8 is created
process 9 is created
0 have acquired lock
1 have acquired lock
2 have acquired lock
3 have acquired lock
4 have acquired lock
5 have acquired lock
6 have acquired lock
7 have acquired lock
8 have acquired lock
9 have acquired lock
TEST #37
process 0 is created
process 1 is created
process 2 is created
process 3 is created
process 4 is created
process 5 is created
process 6 is created
process 7 is created
process 8 is created
process 9 is created
0 have acquired lock
1 have acquired lock
2 have acquired lock
3 have acquired lock
4 have acquired lock
5 have acquired lock
6 have acquired lock
7 have acquired lock
8 have acquired lock
9 have acquired lock
TEST #38
process 0 is created
process 1 is created
process 2 is created
process 3 is created
process 4 is created
process 5 is created
process 6 is created
process 7 is created
process 8 is created
process 9 is created
0 have acquired lock
1 have acquired lock
2 have acquired lock
3 have acquired lock
4 have acquired lock
5 have acquired lock
6 have acquired lock
7 have acquired lock
8 have acquired lock
9 have acquired lock
TEST #39
process 0 is created
process 1 is created
process 2 is created
process 3 is created
process 4 is created
process 5 is created
process 6 is created
process 7 is created
process 8 is created
process 9 is created
0 have acquired lock
1 have acquired lock
2 have acquired lock
3 have acquired lock
4 have acquired lock
5 have acquired lock
6 have acquired lock
7 have acquired lock
8 have acquired lock
9 have acquired lock
TEST #40
process 0 is created
process 1 is created
process 2 is created
process 3 is created
process 4 is created
process 5 is created
process 6 is created
process 7 is created
process 8 is created
process 9 is created
0 have acquired lock
1 have acquired lock
2 have acquired lock
3 have acquired lock
4 have acquired lock
5 have acquired lock
6 have acquired lock
7 have acquired lock
8 have acquired lock
9 have acquired lock
TEST #41
process 0 is created
process 1 is created
process 2 is created
process 3 is created
process 4 is created
process 5 is created
process 6 is created
process 7 is created
process 8 is created
process 9 is created
0 have acquired lock
1 have acquired lock
2 have acquired lock
3 have acquired lock
4 have acquired lock
5 have acquired lock
6 have acquired lock
7 have acquired lock
8 have acquired lock
9 have acquired lock
TEST #42
process 0 is created
process 1 is created
process 2 is created
process 3 is created
process 4 is created
process 5 is created
process 6 is created
process 7 is created
process 8 is created
process 9 is created
0 have acquired lock
1 have acquired lock
2 have acquired lock
3 have acquired lock
4 have acquired lock
5 have acquired lock
6 have acquired lock
7 have acquired lock
8 have acquired lock
9 have acquired lock
TEST #43
process 0 is created
process 1 is created
process 2 is created
process 3 is created
process 4 is created
process 5 is created
process 6 is created
process 7 is created
process 8 is created
process 9 is created
0 have acquired lock
1 have acquired lock
2 have acquired lock
3 have acquired lock
4 have acquired lock
5 have acquired lock
6 have acquired lock
7 have acquired lock
8 have acquired lock
9 have acquired lock
TEST #44
process 0 is created
process 1 is created
process 2 is created
process 3 is created
process 4 is created
process 5 is created
process 6 is created
process 7 is created
process 8 is created
process 9 is created
0 have acquired lock
1 have acquired lock
2 have acquired lock
3 have acquired lock
4 have acquired lock
5 have acquired lock
6 have acquired lock
7 have acquired lock
8 have acquired lock
9 have acquired lock
TEST #45
process 0 is created
process 1 is created
process 2 is created
process 3 is created
process 4 is created
process 5 is created
process 6 is created
process 7 is created
process 8 is created
process 9 is created
0 have acquired lock
1 have acquired lock
2 have acquired lock
3 have acquired lock
4 have acquired lock
5 have acquired lock
6 have acquired lock
7 have acquired lock
8 have acquired lock
9 have acquired lock
TEST #46
process 0 is created
process 1 is created
process 2 is created
process 3 is created
process 4 is created
process 5 is created
process 6 is created
process 7 is created
process 8 is created
process 9 is created
0 have acquired lock
1 have acquired lock
2 have acquired lock
3 have acquired lock
4 have acquired lock
5 have acquired lock
6 have acquired lock
7 have acquired lock
8 have acquired lock
9 have acquired lock
TEST #47
process 0 is created
process 1 is created
process 2 is created
process 3 is created
process 4 is created
process 5 is created
process 6 is created
process 7 is created
process 8 is created
process 9 is created
0 have acquired lock
1 have acquired lock
2 have acquired lock
3 have acquired lock
4 have acquired lock
5 have acquired lock
6 have acquired lock
7 have acquired lock
8 have acquired lock
9 have acquired lock
TEST #48
process 0 is created
process 1 is created
process 2 is created
process 3 is created
process 4 is created
process 5 is created
process 6 is created
process 7 is created
process 8 is created
process 9 is created
0 have acquired lock
1 have acquired lock
2 have acquired lock
3 have acquired lock
4 have acquired lock
5 have acquired lock
6 have acquired lock
7 have acquired lock
8 have acquired lock
9 have acquired lock
TEST #49
process 0 is created
process 1 is created
process 2 is created
process 3 is created
process 4 is created
process 5 is created
process 6 is created
process 7 is created
process 8 is created
process 9 is created
0 have acquired lock
1 have acquired lock
2 have acquired lock
3 have acquired lock
4 have acquired lock
5 have acquired lock
6 have acquired lock
7 have acquired lock
8 have acquired lock
9 have acquired lock
TEST #50
process 0 is created
process 1 is created
process 2 is created
process 3 is created
process 4 is created
process 5 is created
process 6 is created
process 7 is created
process 8 is created
process 9 is created
0 have acquired lock
1 have acquired lock
2 have acquired lock
3 have acquired lock
4 have acquired lock
5 have acquired lock
6 have acquired lock
7 have acquired lock
8 have acquired lock
9 have acquired lock
TEST #51
process 0 is created
process 1 is created
process 2 is created
process 3 is created
process 4 is created
process 5 is created
process 6 is created
process 7 is created
process 8 is created
process 9 is created
0 have acquired lock
1 have acquired lock
2 have acquired lock
3 have acquired lock
4 have acquired lock
5 have acquired lock
6 have acquired lock
7 have acquired lock
8 have acquired lock
9 have acquired lock
TEST #52
process 0 is created
process 1 is created
process 2 is created
process 3 is created
process 4 is created
process 5 is created
process 6 is created
process 7 is created
process 8 is created
process 9 is created
0 have acquired lock
1 have acquired lock
2 have acquired lock
3 have acquired lock
4 have acquired lock
5 have acquired lock
6 have acquired lock
7 have acquired lock
8 have acquired lock
9 have acquired lock
TEST #53
process 0 is created
process 1 is created
process 2 is created
process 3 is created
process 4 is created
process 5 is created
process 6 is created
process 7 is created
process 8 is created
process 9 is created
0 have acquired lock
1 have acquired lock
2 have acquired lock
3 have acquired lock
4 have acquired lock
5 have acquired lock
6 have acquired lock
7 have acquired lock
8 have acquired lock
9 have acquired lock
TEST #54
process 0 is created
process 1 is created
process 2 is created
process 3 is created
process 4 is created
process 5 is created
process 6 is created
process 7 is created
process 8 is created
process 9 is created
0 have acquired lock
1 have acquired lock
2 have acquired lock
3 have acquired lock
4 have acquired lock
5 have acquired lock
6 have acquired lock
7 have acquired lock
8 have acquired lock
9 have acquired lock
TEST #55
process 0 is created
process 1 is created
process 2 is created
process 3 is created
process 4 is created
process 5 is created
process 6 is created
process 7 is created
process 8 is created
process 9 is created
0 have acquired lock
1 have acquired lock
2 have acquired lock
3 have acquired lock
4 have acquired lock
5 have acquired lock
6 have acquired lock
7 have acquired lock
8 have acquired lock
9 have acquired lock
TEST #56
process 0 is created
process 1 is created
process 2 is created
process 3 is created
process 4 is created
process 5 is created
process 6 is created
process 7 is created
process 8 is created
process 9 is created
0 have acquired lock
1 have acquired lock
2 have acquired lock
3 have acquired lock
4 have acquired lock
5 have acquired lock
6 have acquired lock
7 have acquired lock
8 have acquired lock
9 have acquired lock
TEST #57
process 0 is created
process 1 is created
process 2 is created
process 3 is created
process 4 is created
process 5 is created
process 6 is created
process 7 is created
process 8 is created
process 9 is created
0 have acquired lock
1 have acquired lock
2 have acquired lock
3 have acquired lock
4 have acquired lock
5 have acquired lock
6 have acquired lock
7 have acquired lock
8 have acquired lock
9 have acquired lock
TEST #58
process 0 is created
process 1 is created
process 2 is created
process 3 is created
process 4 is created
process 5 is created
process 6 is created
process 7 is created
process 8 is created
process 9 is created
0 have acquired lock
1 have acquired lock
2 have acquired lock
3 have acquired lock
4 have acquired lock
5 have acquired lock
6 have acquired lock
7 have acquired lock
8 have acquired lock
9 have acquired lock
TEST #59
process 0 is created
process 1 is created
process 2 is created
process 3 is created
process 4 is created
process 5 is created
process 6 is created
process 7 is created
process 8 is created
process 9 is created
0 have acquired lock
1 have acquired lock
2 have acquired lock
3 have acquired lock
4 have acquired lock
5 have acquired lock
6 have acquired lock
7 have acquired lock
8 have acquired lock
9 have acquired lock
TEST #60
process 0 is created
process 1 is created
process 2 is created
process 3 is created
process 4 is created
process 5 is created
process 6 is created
process 7 is created
process 8 is created
process 9 is created
0 have acquired lock
1 have acquired lock
2 have acquired lock
3 have acquired lock
4 have acquired lock
5 have acquired lock
6 have acquired lock
7 have acquired lock
8 have acquired lock
9 have acquired lock
TEST #61
process 0 is created
process 1 is created
process 2 is created
process 3 is created
process 4 is created
process 5 is created
process 6 is created
process 7 is created
process 8 is created
process 9 is created
0 have acquired lock
1 have acquired lock
2 have acquired lock
3 have acquired lock
4 have acquired lock
5 have acquired lock
6 have acquired lock
7 have acquired lock
8 have acquired lock
9 have acquired lock
TEST #62
process 0 is created
process 1 is created
process 2 is created
process 3 is created
process 4 is created
process 5 is created
process 6 is created
process 7 is created
process 8 is created
process 9 is created
0 have acquired lock
1 have acquired lock
2 have acquired lock
3 have acquired lock
4 have acquired lock
5 have acquired lock
6 have acquired lock
7 have acquired lock
8 have acquired lock
9 have acquired lock
TEST #63
process 0 is created
process 1 is created
process 2 is created
process 3 is created
process 4 is created
process 5 is created
process 6 is created
process 7 is created
process 8 is created
process 9 is created
0 have acquired lock
1 have acquired lock
2 have acquired lock
3 have acquired lock
4 have acquired lock
5 have acquired lock
6 have acquired lock
7 have acquired lock
8 have acquired lock
9 have acquired lock
TEST #64
process 0 is created
process 1 is created
process 2 is created
process 3 is created
process 4 is created
process 5 is created
process 6 is created
process 7 is created
process 8 is created
process 9 is created
0 have acquired lock
1 have acquired lock
2 have acquired lock
3 have acquired lock
4 have acquired lock
5 have acquired lock
6 have acquired lock
7 have acquired lock
8 have acquired lock
9 have acquired lock
TEST #65
process 0 is created
process 1 is created
process 2 is created
process 3 is created
process 4 is created
process 5 is created
process 6 is created
process 7 is created
process 8 is created
process 9 is created
0 have acquired lock
1 have acquired lock
2 have acquired lock
3 have acquired lock
4 have acquired lock
5 have acquired lock
6 have acquired lock
7 have acquired lock
8 have acquired lock
9 have acquired lock
TEST #66
process 0 is created
process 1 is created
process 2 is created
process 3 is created
process 4 is created
process 5 is created
process 6 is created
process 7 is created
process 8 is created
process 9 is created
0 have acquired lock
1 have acquired lock
2 have acquired lock
3 have acquired lock
4 have acquired lock
5 have acquired lock
6 have acquired lock
7 have acquired lock
8 have acquired lock
9 have acquired lock
TEST #67
process 0 is created
process 1 is created
process 2 is created
process 3 is created
process 4 is created
process 5 is created
process 6 is created
process 7 is created
process 8 is created
process 9 is created
0 have acquired lock
1 have acquired lock
2 have acquired lock
3 have acquired lock
4 have acquired lock
5 have acquired lock
6 have acquired lock
7 have acquired lock
8 have acquired lock
9 have acquired lock
TEST #68
process 0 is created
process 1 is created
process 2 is created
process 3 is created
process 4 is created
process 5 is created
process 6 is created
process 7 is created
process 8 is created
process 9 is created
0 have acquired lock
1 have acquired lock
2 have acquired lock
3 have acquired lock
4 have acquired lock
5 have acquired lock
6 have acquired lock
7 have acquired lock
8 have acquired lock
9 have acquired lock
TEST #69
process 0 is created
process 1 is created
process 2 is created
process 3 is created
process 4 is created
process 5 is created
process 6 is created
process 7 is created
process 8 is created
process 9 is created
0 have acquired lock
1 have acquired lock
2 have acquired lock
3 have acquired lock
4 have acquired lock
5 have acquired lock
6 have acquired lock
7 have acquired lock
8 have acquired lock
9 have acquired lock
TEST #70
process 0 is created
process 1 is created
process 2 is created
process 3 is created
process 4 is created
process 5 is created
process 6 is created
process 7 is created
process 8 is created
process 9 is created
0 have acquired lock
1 have acquired lock
2 have acquired lock
3 have acquired lock
4 have acquired lock
5 have acquired lock
6 have acquired lock
7 have acquired lock
8 have acquired lock
9 have acquired lock
TEST #71
process 0 is created
process 1 is created
process 2 is created
process 3 is created
process 4 is created
process 5 is created
process 6 is created
process 7 is created
process 8 is created
process 9 is created
0 have acquired lock
1 have acquired lock
2 have acquired lock
3 have acquired lock
4 have acquired lock
5 have acquired lock
6 have acquired lock
7 have acquired lock
8 have acquired lock
9 have acquired lock
TEST #72
process 0 is created
process 1 is created
process 2 is created
process 3 is created
process 4 is created
process 5 is created
process 6 is created
process 7 is created
process 8 is created
process 9 is created
0 have acquired lock
1 have acquired lock
2 have acquired lock
3 have acquired lock
4 have acquired lock
5 have acquired lock
6 have acquired lock
7 have acquired lock
8 have acquired lock
9 have acquired lock
TEST #73
process 0 is created
process 1 is created
process 2 is created
process 3 is created
process 4 is created
process 5 is created
process 6 is created
process 7 is created
process 8 is created
process 9 is created
0 have acquired lock
1 have acquired lock
2 have acquired lock
3 have acquired lock
4 have acquired lock
5 have acquired lock
6 have acquired lock
7 have acquired lock
8 have acquired lock
9 have acquired lock
TEST #74
process 0 is created
process 1 is created
process 2 is created
process 3 is created
process 4 is created
process 5 is created
process 6 is created
process 7 is created
process 8 is created
process 9 is created
0 have acquired lock
1 have acquired lock
2 have acquired lock
3 have acquired lock
4 have acquired lock
5 have acquired lock
6 have acquired lock
7 have acquired lock
8 have acquired lock
9 have acquired lock
TEST #75
process 0 is created
process 1 is created
process 2 is created
process 3 is created
process 4 is created
process 5 is created
process 6 is created
process 7 is created
process 8 is created
process 9 is created
0 have acquired lock
1 have acquired lock
2 have acquired lock
3 have acquired lock
4 have acquired lock
5 have acquired lock
6 have acquired lock
7 have acquired lock
8 have acquired lock
9 have acquired lock
TEST #76
process 0 is created
process 1 is created
process 2 is created
process 3 is created
process 4 is created
process 5 is created
process 6 is created
process 7 is created
process 8 is created
process 9 is created
0 have acquired lock
1 have acquired lock
2 have acquired lock
3 have acquired lock
4 have acquired lock
5 have acquired lock
6 have acquired lock
7 have acquired lock
8 have acquired lock
9 have acquired lock
TEST #77
process 0 is created
process 1 is created
process 2 is created
process 3 is created
process 4 is created
process 5 is created
process 6 is created
process 7 is created
process 8 is created
process 9 is created
0 have acquired lock
1 have acquired lock
2 have acquired lock
3 have acquired lock
4 have acquired lock
5 have acquired lock
6 have acquired lock
7 have acquired lock
8 have acquired lock
9 have acquired lock
TEST #78
process 0 is created
process 1 is created
process 2 is created
process 3 is created
process 4 is created
process 5 is created
process 6 is created
process 7 is created
process 8 is created
process 9 is created
0 have acquired lock
1 have acquired lock
2 have acquired lock
3 have acquired lock
4 have acquired lock
5 have acquired lock
6 have acquired lock
7 have acquired lock
8 have acquired lock
9 have acquired lock
TEST #79
process 0 is created
process 1 is created
process 2 is created
process 3 is created
process 4 is created
process 5 is created
process 6 is created
process 7 is created
process 8 is created
process 9 is created
0 have acquired lock
1 have acquired lock
2 have acquired lock
3 have acquired lock
4 have acquired lock
5 have acquired lock
6 have acquired lock
7 have acquired lock
8 have acquired lock
9 have acquired lock
TEST #80
process 0 is created
process 1 is created
process 2 is created
process 3 is created
process 4 is created
process 5 is created
process 6 is created
process 7 is created
process 8 is created
process 9 is created
0 have acquired lock
1 have acquired lock
2 have acquired lock
3 have acquired lock
4 have acquired lock
5 have acquired lock
6 have acquired lock
7 have acquired lock
8 have acquired lock
9 have acquired lock
TEST #81
process 0 is created
process 1 is created
process 2 is created
process 3 is created
process 4 is created
process 5 is created
process 6 is created
process 7 is created
process 8 is created
process 9 is created
0 have acquired lock
1 have acquired lock
2 have acquired lock
3 have acquired lock
4 have acquired lock
5 have acquired lock
6 have acquired lock
7 have acquired lock
8 have acquired lock
9 have acquired lock
TEST #82
process 0 is created
process 1 is created
process 2 is created
process 3 is created
process 4 is created
process 5 is created
process 6 is created
process 7 is created
process 8 is created
process 9 is created
0 have acquired lock
1 have acquired lock
2 have acquired lock
3 have acquired lock
4 have acquired lock
5 have acquired lock
6 have acquired lock
7 have acquired lock
8 have acquired lock
9 have acquired lock
TEST #83
process 0 is created
process 1 is created
process 2 is created
process 3 is created
process 4 is created
process 5 is created
process 6 is created
process 7 is created
process 8 is created
process 9 is created
0 have acquired lock
1 have acquired lock
2 have acquired lock
3 have acquired lock
4 have acquired lock
5 have acquired lock
6 have acquired lock
7 have acquired lock
8 have acquired lock
9 have acquired lock
TEST #84
process 0 is created
process 1 is created
process 2 is created
process 3 is created
process 4 is created
process 5 is created
process 6 is created
process 7 is created
process 8 is created
process 9 is created
0 have acquired lock
1 have acquired lock
2 have acquired lock
3 have acquired lock
4 have acquired lock
5 have acquired lock
6 have acquired lock
7 have acquired lock
8 have acquired lock
9 have acquired lock
TEST #85
process 0 is created
process 1 is created
process 2 is created
process 3 is created
process 4 is created
process 5 is created
process 6 is created
process 7 is created
process 8 is created
process 9 is created
0 have acquired lock
1 have acquired lock
2 have acquired lock
3 have acquired lock
4 have acquired lock
5 have acquired lock
6 have acquired lock
7 have acquired lock
8 have acquired lock
9 have acquired lock
TEST #86
process 0 is created
process 1 is created
process 2 is created
process 3 is created
process 4 is created
process 5 is created
process 6 is created
process 7 is created
process 8 is created
process 9 is created
0 have acquired lock
1 have acquired lock
2 have acquired lock
3 have acquired lock
4 have acquired lock
5 have acquired lock
6 have acquired lock
7 have acquired lock
8 have acquired lock
9 have acquired lock
TEST #87
process 0 is created
process 1 is created
process 2 is created
process 3 is created
process 4 is created
process 5 is created
process 6 is created
process 7 is created
process 8 is created
process 9 is created
0 have acquired lock
1 have acquired lock
2 have acquired lock
3 have acquired lock
4 have acquired lock
5 have acquired lock
6 have acquired lock
7 have acquired lock
8 have acquired lock
9 have acquired lock
TEST #88
process 0 is created
process 1 is created
process 2 is created
process 3 is created
process 4 is created
process 5 is created
process 6 is created
process 7 is created
process 8 is created
process 9 is created
0 have acquired lock
1 have acquired lock
2 have acquired lock
3 have acquired lock
4 have acquired lock
5 have acquired lock
6 have acquired lock
7 have acquired lock
8 have acquired lock
9 have acquired lock
TEST #89
process 0 is created
process 1 is created
process 2 is created
process 3 is created
process 4 is created
process 5 is created
process 6 is created
process 7 is created
process 8 is created
process 9 is created
0 have acquired lock
1 have acquired lock
2 have acquired lock
3 have acquired lock
4 have acquired lock
5 have acquired lock
6 have acquired lock
7 have acquired lock
8 have acquired lock
9 have acquired lock
TEST #90
process 0 is created
process 1 is created
process 2 is created
process 3 is created
process 4 is created
process 5 is created
process 6 is created
process 7 is created
process 8 is created
process 9 is created
0 have acquired lock
1 have acquired lock
2 have acquired lock
3 have acquired lock
4 have acquired lock
5 have acquired lock
6 have acquired lock
7 have acquired lock
8 have acquired lock
9 have acquired lock
TEST #91
process 0 is created
process 1 is created
process 2 is created
process 3 is created
process 4 is created
process 5 is created
process 6 is created
process 7 is created
process 8 is created
process 9 is created
0 have acquired lock
1 have acquired lock
2 have acquired lock
3 have acquired lock
4 have acquired lock
5 have acquired lock
6 have acquired lock
7 have acquired lock
8 have acquired lock
9 have acquired lock
TEST #92
process 0 is created
process 1 is created
process 2 is created
process 3 is created
process 4 is created
process 5 is created
process 6 is created
process 7 is created
process 8 is created
process 9 is created
0 have acquired lock
1 have acquired lock
2 have acquired lock
3 have acquired lock
4 have acquired lock
5 have acquired lock
6 have acquired lock
7 have acquired lock
8 have acquired lock
9 have acquired lock
TEST #93
process 0 is created
process 1 is created
process 2 is created
process 3 is created
process 4 is created
process 5 is created
process 6 is created
process 7 is created
process 8 is created
process 9 is created
0 have acquired lock
1 have acquired lock
2 have acquired lock
3 have acquired lock
4 have acquired lock
5 have acquired lock
6 have acquired lock
7 have acquired lock
8 have acquired lock
9 have acquired lock
TEST #94
process 0 is created
process 1 is created
process 2 is created
process 3 is created
process 4 is created
process 5 is created
process 6 is created
process 7 is created
process 8 is created
process 9 is created
0 have acquired lock
1 have acquired lock
2 have acquired lock
3 have acquired lock
4 have acquired lock
5 have acquired lock
6 have acquired lock
7 have acquired lock
8 have acquired lock
9 have acquired lock
TEST #95
process 0 is created
process 1 is created
process 2 is created
process 3 is created
process 4 is created
process 5 is created
process 6 is created
process 7 is created
process 8 is created
process 9 is created
0 have acquired lock
1 have acquired lock
2 have acquired lock
3 have acquired lock
4 have acquired lock
5 have acquired lock
6 have acquired lock
7 have acquired lock
8 have acquired lock
9 have acquired lock
TEST #96
process 0 is created
process 1 is created
process 2 is created
process 3 is created
process 4 is created
process 5 is created
process 6 is created
process 7 is created
process 8 is created
process 9 is created
0 have acquired lock
1 have acquired lock
2 have acquired lock
3 have acquired lock
4 have acquired lock
5 have acquired lock
6 have acquired lock
7 have acquired lock
8 have acquired lock
9 have acquired lock
TEST #97
process 0 is created
process 1 is created
process 2 is created
process 3 is created
process 4 is created
process 5 is created
process 6 is created
process 7 is created
process 8 is created
process 9 is created
0 have acquired lock
1 have acquired lock
2 have acquired lock
3 have acquired lock
4 have acquired lock
5 have acquired lock
6 have acquired lock
7 have acquired lock
8 have acquired lock
9 have acquired lock
TEST #98
process 0 is created
process 1 is created
process 2 is created
process 3 is created
process 4 is created
process 5 is created
process 6 is created
process 7 is created
process 8 is created
process 9 is created
0 have acquired lock
1 have acquired lock
2 have acquired lock
3 have acquired lock
4 have acquired lock
5 have acquired lock
6 have acquired lock
7 have acquired lock
8 have acquired lock
9 have acquired lock
TEST #99
process 0 is created
process 1 is created
process 2 is created
process 3 is created
process 4 is created
process 5 is created
process 6 is created
process 7 is created
process 8 is created
process 9 is created
0 have acquired lock
1 have acquired lock
2 have acquired lock
3 have acquired lock
4 have acquired lock
5 have acquired lock
6 have acquired lock
7 have acquired lock
8 have acquired lock
9 have acquired lock
$ 